cargo :    Compiling core-gb v0.1.0 
(C:\Users\kanib\source\repos\gb-gba-emulator\core-gb)
At line:1 char:1
+ cargo test > cargo_test_output.txt 2>&1; Get-Content cargo_test_outpu ...
+ ~~~~~~~~~~~~~~~~~~~~~~~~~~~~~~~~~~~~~~~
    + CategoryInfo          : NotSpecified: (   Compiling co...ulator\core-gb) 
   :String) [], RemoteException
    + FullyQualifiedErrorId : NativeCommandError
 
   Compiling frontend-desktop v0.1.0 
(C:\Users\kanib\source\repos\gb-gba-emulator\frontend-desktop)
    Finished `test` profile [unoptimized + debuginfo] target(s) in 0.83s
     Running unittests src\lib.rs 
(target\debug\deps\core_common-142cd937a6bd339a.exe)

running 2 tests
test tests::run_steps_tracks_instruction_and_cycle_totals ... ok
test tests::run_steps_stops_when_core_halts ... ok

test result: ok. 2 passed; 0 failed; 0 ignored; 0 measured; 0 filtered out; finished in 0.00s

     Running unittests src\lib.rs 
(target\debug\deps\core_gb-16eac9d68705d07c.exe)

running 6 tests
test tests::loads_rom_only_cartridge_and_title ... ok
test tests::steps_nop_program_deterministically ... ok
test tests::supports_add_instruction_and_direct_loads ... ok
test tests::rejects_unsupported_cartridge_type ... ok
test tests::supports_mbc1_rom_bank_switching ... ok
test tests::supports_immediate_load_and_memory_roundtrip ... ok

test result: ok. 6 passed; 0 failed; 0 ignored; 0 measured; 0 filtered out; finished in 0.00s

     Running unittests src\lib.rs 
(target\debug\deps\core_gba-2cb12be8dd4845ab.exe)

running 1 test
test tests::step_advances_stub_cycle_counter ... ok

test result: ok. 1 passed; 0 failed; 0 ignored; 0 measured; 0 filtered out; finished in 0.00s

     Running unittests src\main.rs 
(target\debug\deps\frontend_desktop-ecbfa5496d299a2d.exe)

running 0 tests

test result: ok. 0 passed; 0 failed; 0 ignored; 0 measured; 0 filtered out; finished in 0.00s

   Doc-tests core_common

running 0 tests

test result: ok. 0 passed; 0 failed; 0 ignored; 0 measured; 0 filtered out; finished in 0.00s

   Doc-tests core_gb

running 0 tests

test result: ok. 0 passed; 0 failed; 0 ignored; 0 measured; 0 filtered out; finished in 0.00s

   Doc-tests core_gba

running 0 tests

test result: ok. 0 passed; 0 failed; 0 ignored; 0 measured; 0 filtered out; finished in 0.00s

